// Jest Snapshot v1, https://goo.gl/fbAQLP

exports[`Header matches snapshot 1`] = `
ShallowWrapper {
  "length": 1,
  Symbol(enzyme.__root__): [Circular],
  Symbol(enzyme.__unrendered__): <Header
    currentTemperature="17"
    description="Clear"
    icon="01n"
    location="Newcastle-upon-Tyne"
/>,
  Symbol(enzyme.__renderer__): Object {
    "batchedUpdates": [Function],
    "getNode": [Function],
    "render": [Function],
    "simulateEvent": [Function],
    "unmount": [Function],
  },
  Symbol(enzyme.__node__): Object {
    "instance": null,
    "key": undefined,
    "nodeType": "host",
    "props": Object {
      "children": Array [
        <h1
          className="app-title"
>
          Weather for 
          Newcastle-upon-Tyne
</h1>,
        <p
          id="current-temp"
>
          17
          º
          <abbr
                    title="Celcius"
          >
                    C
          </abbr>
</p>,
        <p
          id="description"
>
          Clear
</p>,
        <img
          alt="Clear"
          src="http://openweathermap.org/img/w/01n.png"
/>,
      ],
    },
    "ref": null,
    "rendered": Array [
      Object {
        "instance": null,
        "key": undefined,
        "nodeType": "host",
        "props": Object {
          "children": Array [
            "Weather for ",
            "Newcastle-upon-Tyne",
          ],
          "className": "app-title",
        },
        "ref": null,
        "rendered": Array [
          "Weather for ",
          "Newcastle-upon-Tyne",
        ],
        "type": "h1",
      },
      Object {
        "instance": null,
        "key": undefined,
        "nodeType": "host",
        "props": Object {
          "children": Array [
            17,
            "º",
            <abbr
              title="Celcius"
>
              C
</abbr>,
          ],
          "id": "current-temp",
        },
        "ref": null,
        "rendered": Array [
          17,
          "º",
          Object {
            "instance": null,
            "key": undefined,
            "nodeType": "host",
            "props": Object {
              "children": "C",
              "title": "Celcius",
            },
            "ref": null,
            "rendered": "C",
            "type": "abbr",
          },
        ],
        "type": "p",
      },
      Object {
        "instance": null,
        "key": undefined,
        "nodeType": "host",
        "props": Object {
          "children": "Clear",
          "id": "description",
        },
        "ref": null,
        "rendered": "Clear",
        "type": "p",
      },
      Object {
        "instance": null,
        "key": undefined,
        "nodeType": "host",
        "props": Object {
          "alt": "Clear",
          "src": "http://openweathermap.org/img/w/01n.png",
        },
        "ref": null,
        "rendered": null,
        "type": "img",
      },
    ],
    "type": "header",
  },
  Symbol(enzyme.__nodes__): Array [
    Object {
      "instance": null,
      "key": undefined,
      "nodeType": "host",
      "props": Object {
        "children": Array [
          <h1
            className="app-title"
>
            Weather for 
            Newcastle-upon-Tyne
</h1>,
          <p
            id="current-temp"
>
            17
            º
            <abbr
                        title="Celcius"
            >
                        C
            </abbr>
</p>,
          <p
            id="description"
>
            Clear
</p>,
          <img
            alt="Clear"
            src="http://openweathermap.org/img/w/01n.png"
/>,
        ],
      },
      "ref": null,
      "rendered": Array [
        Object {
          "instance": null,
          "key": undefined,
          "nodeType": "host",
          "props": Object {
            "children": Array [
              "Weather for ",
              "Newcastle-upon-Tyne",
            ],
            "className": "app-title",
          },
          "ref": null,
          "rendered": Array [
            "Weather for ",
            "Newcastle-upon-Tyne",
          ],
          "type": "h1",
        },
        Object {
          "instance": null,
          "key": undefined,
          "nodeType": "host",
          "props": Object {
            "children": Array [
              17,
              "º",
              <abbr
                title="Celcius"
>
                C
</abbr>,
            ],
            "id": "current-temp",
          },
          "ref": null,
          "rendered": Array [
            17,
            "º",
            Object {
              "instance": null,
              "key": undefined,
              "nodeType": "host",
              "props": Object {
                "children": "C",
                "title": "Celcius",
              },
              "ref": null,
              "rendered": "C",
              "type": "abbr",
            },
          ],
          "type": "p",
        },
        Object {
          "instance": null,
          "key": undefined,
          "nodeType": "host",
          "props": Object {
            "children": "Clear",
            "id": "description",
          },
          "ref": null,
          "rendered": "Clear",
          "type": "p",
        },
        Object {
          "instance": null,
          "key": undefined,
          "nodeType": "host",
          "props": Object {
            "alt": "Clear",
            "src": "http://openweathermap.org/img/w/01n.png",
          },
          "ref": null,
          "rendered": null,
          "type": "img",
        },
      ],
      "type": "header",
    },
  ],
  Symbol(enzyme.__options__): Object {
    "adapter": ReactSixteenAdapter {
      "options": Object {
        "enableComponentDidUpdateOnSetState": true,
      },
    },
  },
}
`;
